[32m[Nest] 13915  - [39m08/17/2026, 4:28:18 PM [32m    LOG[39m [38;5;3m[NestFactory] [39m[32mStarting Nest application...[39m
[32m[Nest] 13915  - [39m08/17/2026, 4:28:18 PM [32m    LOG[39m [38;5;3m[InstanceLoader] [39m[32mAppModule dependencies initialized[39m[38;5;3m +8ms[39m
[32m[Nest] 13915  - [39m08/17/2026, 4:28:18 PM [32m    LOG[39m [38;5;3m[InstanceLoader] [39m[32mDatabaseModule dependencies initialized[39m[38;5;3m +0ms[39m
[32m[Nest] 13915  - [39m08/17/2026, 4:28:18 PM [32m    LOG[39m [38;5;3m[InstanceLoader] [39m[32mPassportModule dependencies initialized[39m[38;5;3m +0ms[39m
[32m[Nest] 13915  - [39m08/17/2026, 4:28:18 PM [32m    LOG[39m [38;5;3m[InstanceLoader] [39m[32mConfigHostModule dependencies initialized[39m[38;5;3m +0ms[39m
[32m[Nest] 13915  - [39m08/17/2026, 4:28:18 PM [32m    LOG[39m [38;5;3m[InstanceLoader] [39m[32mJwtModule dependencies initialized[39m[38;5;3m +0ms[39m
[32m[Nest] 13915  - [39m08/17/2026, 4:28:18 PM [32m    LOG[39m [38;5;3m[InstanceLoader] [39m[32mConfigModule dependencies initialized[39m[38;5;3m +1ms[39m
[32m[Nest] 13915  - [39m08/17/2026, 4:28:18 PM [32m    LOG[39m [38;5;3m[InstanceLoader] [39m[32mStudentsModule dependencies initialized[39m[38;5;3m +0ms[39m
[32m[Nest] 13915  - [39m08/17/2026, 4:28:18 PM [32m    LOG[39m [38;5;3m[InstanceLoader] [39m[32mReceiptsModule dependencies initialized[39m[38;5;3m +0ms[39m
[32m[Nest] 13915  - [39m08/17/2026, 4:28:18 PM [32m    LOG[39m [38;5;3m[InstanceLoader] [39m[32mAuthModule dependencies initialized[39m[38;5;3m +1ms[39m
[32m[Nest] 13915  - [39m08/17/2026, 4:28:18 PM [32m    LOG[39m [38;5;3m[RoutesResolver] [39m[32mAuthController {/api/auth}:[39m[38;5;3m +2ms[39m
[32m[Nest] 13915  - [39m08/17/2026, 4:28:18 PM [32m    LOG[39m [38;5;3m[RouterExplorer] [39m[32mMapped {/api/auth/login, POST} route[39m[38;5;3m +1ms[39m
[32m[Nest] 13915  - [39m08/17/2026, 4:28:18 PM [32m    LOG[39m [38;5;3m[RouterExplorer] [39m[32mMapped {/api/auth/me, GET} route[39m[38;5;3m +1ms[39m
[32m[Nest] 13915  - [39m08/17/2026, 4:28:18 PM [32m    LOG[39m [38;5;3m[RouterExplorer] [39m[32mMapped {/api/auth/logout, POST} route[39m[38;5;3m +0ms[39m
[32m[Nest] 13915  - [39m08/17/2026, 4:28:18 PM [32m    LOG[39m [38;5;3m[RoutesResolver] [39m[32mStudentsController {/api/students}:[39m[38;5;3m +0ms[39m
[32m[Nest] 13915  - [39m08/17/2026, 4:28:18 PM [32m    LOG[39m [38;5;3m[RouterExplorer] [39m[32mMapped {/api/students, GET} route[39m[38;5;3m +0ms[39m
[32m[Nest] 13915  - [39m08/17/2026, 4:28:18 PM [32m    LOG[39m [38;5;3m[RouterExplorer] [39m[32mMapped {/api/students/:id, GET} route[39m[38;5;3m +1ms[39m
[32m[Nest] 13915  - [39m08/17/2026, 4:28:18 PM [32m    LOG[39m [38;5;3m[RouterExplorer] [39m[32mMapped {/api/students, POST} route[39m[38;5;3m +0ms[39m
[32m[Nest] 13915  - [39m08/17/2026, 4:28:18 PM [32m    LOG[39m [38;5;3m[RouterExplorer] [39m[32mMapped {/api/students/:id, PUT} route[39m[38;5;3m +0ms[39m
[32m[Nest] 13915  - [39m08/17/2026, 4:28:18 PM [32m    LOG[39m [38;5;3m[RouterExplorer] [39m[32mMapped {/api/students/:id, DELETE} route[39m[38;5;3m +0ms[39m
[32m[Nest] 13915  - [39m08/17/2026, 4:28:18 PM [32m    LOG[39m [38;5;3m[RoutesResolver] [39m[32mReceiptsController {/api/receipts}:[39m[38;5;3m +0ms[39m
[32m[Nest] 13915  - [39m08/17/2026, 4:28:18 PM [32m    LOG[39m [38;5;3m[RouterExplorer] [39m[32mMapped {/api/receipts, GET} route[39m[38;5;3m +0ms[39m
[32m[Nest] 13915  - [39m08/17/2026, 4:28:18 PM [32m    LOG[39m [38;5;3m[RouterExplorer] [39m[32mMapped {/api/receipts/matrix, GET} route[39m[38;5;3m +1ms[39m
[32m[Nest] 13915  - [39m08/17/2026, 4:28:18 PM [32m    LOG[39m [38;5;3m[RouterExplorer] [39m[32mMapped {/api/receipts/upload, POST} route[39m[38;5;3m +0ms[39m
[32m[Nest] 13915  - [39m08/17/2026, 4:28:18 PM [32m    LOG[39m [38;5;3m[RouterExplorer] [39m[32mMapped {/api/receipts, POST} route[39m[38;5;3m +0ms[39m
[32m[Nest] 13915  - [39m08/17/2026, 4:28:18 PM [32m    LOG[39m [38;5;3m[NestApplication] [39m[32mNest application successfully started[39m[38;5;3m +1ms[39m
Backend is running on http://localhost:4000
